Microchip MPLAB XC8 Compiler V2.46

Linker command line:

-W-3 \
  --edf=C:/Program Files/Microchip/MPLABX/v6.20/packs/Microchip/PIC16F1xxxx_DFP/1.24.387/xc8\pic\dat\20240111205957_en.msgs \
  -cn -h+dist/default/debug\9seg.debug.sym \
  --cmf=dist/default/debug\9seg.debug.cmf -z -Q16F18857 \
  -oC:\Users\user\AppData\Local\Temp\xcAsm74.\driver_tmp_3.o \
  --defsym=__MPLAB_BUILD=1 --fixupoverflow=error \
  -Mdist/default/debug/9seg.debug.map \
  --md=C:\Users\user\AppData\Local\Temp\xcAsm74.\driver_tmp_0.dat -E1 \
  -ver=XC8 Compiler --acfsm=1493 -ACODE=00h-07FFhx16 -ASTRCODE=00h-07FFFh \
  -ASTRING=00h-0FFhx128 -ACONST=00h-0FFhx128 -AENTRY=00h-0FFhx128 \
  -ACOMMON=070h-07Fh -ABANK0=020h-06Fh -ABANK1=0A0h-0EFh \
  -ABANK2=0120h-016Fh -ABANK3=01A0h-01EFh -ABANK4=0220h-026Fh \
  -ABANK5=02A0h-02EFh -ABANK6=0320h-036Fh -ABANK7=03A0h-03EFh \
  -ABANK8=0420h-046Fh -ABANK9=04A0h-04EFh -ABANK10=0520h-056Fh \
  -ABANK11=05A0h-05EFh -ABANK12=0620h-066Fh -ABANK13=06A0h-06EFh \
  -ABANK14=0720h-076Fh -ABANK15=07A0h-07EFh -ABANK16=0820h-086Fh \
  -ABANK17=08A0h-08EFh -ABANK18=0920h-096Fh -ABANK19=09A0h-09EFh \
  -ABANK20=0A20h-0A6Fh -ABANK21=0AA0h-0AEFh -ABANK22=0B20h-0B6Fh \
  -ABANK23=0BA0h-0BEFh -ABANK24=0C20h-0C6Fh -ABANK25=0CA0h-0CEFh \
  -ABANK26=0D20h-0D6Fh -ABANK27=0DA0h-0DEFh -ABANK28=0E20h-0E6Fh \
  -ABANK29=0EA0h-0EEFh -ABANK30=0F20h-0F6Fh -ABANK31=0FA0h-0FEFh \
  -ABANK32=01020h-0106Fh -ABANK33=010A0h-010EFh -ABANK34=01120h-0116Fh \
  -ABANK35=011A0h-011EFh -ABANK36=01220h-0126Fh -ABANK37=012A0h-012EFh \
  -ABANK38=01320h-0136Fh -ABANK39=013A0h-013EFh -ABANK40=01420h-0146Fh \
  -ABANK41=014A0h-014EFh -ABANK42=01520h-0156Fh -ABANK43=015A0h-015EFh \
  -ABANK44=01620h-0166Fh -ABANK45=016A0h-016EFh -ABANK46=01720h-0176Fh \
  -ABANK47=017A0h-017EFh -ABANK48=01820h-0186Fh -ABANK49=018A0h-018EFh \
  -ABANK50=01920h-0196Fh -ABIGRAM=02000h-02FEFh \
  -ARAM=020h-06Fh,0A0h-0EFh,0120h-016Fh,01A0h-01EFh,0220h-026Fh,02A0h-02EFh,0320h-036Fh,03A0h-03EFh,0420h-046Fh,04A0h-04EFh,0520h-056Fh,05A0h-05EFh,0620h-066Fh,06A0h-06EFh,0720h-076Fh,07A0h-07EFh,0820h-086Fh,08A0h-08EFh,0920h-096Fh,09A0h-09EFh,0A20h-0A6Fh,0AA0h-0AEFh,0B20h-0B6Fh,0BA0h-0BEFh,0C20h-0C6Fh,0CA0h-0CEFh,0D20h-0D6Fh,0DA0h-0DEFh,0E20h-0E6Fh,0EA0h-0EEFh,0F20h-0F6Fh,0FA0h-0FEFh,01020h-0106Fh,010A0h-010EFh,01120h-0116Fh,011A0h-011EFh,01220h-0126Fh,012A0h-012EFh,01320h-0136Fh,013A0h-013EFh,01420h-0146Fh,014A0h-014EFh,01520h-0156Fh,015A0h-015EFh,01620h-0166Fh,016A0h-016EFh,01720h-0176Fh,017A0h-017EFh,01820h-0186Fh,018A0h-018EFh,01920h-0196Fh \
  -AABS1=020h-07Fh,0A0h-0EFh,0120h-016Fh,01A0h-01EFh,0220h-026Fh,02A0h-02EFh,0320h-036Fh,03A0h-03EFh,0420h-046Fh,04A0h-04EFh,0520h-056Fh,05A0h-05EFh,0620h-066Fh,06A0h-06EFh,0720h-076Fh,07A0h-07EFh,0820h-086Fh,08A0h-08EFh,0920h-096Fh,09A0h-09EFh,0A20h-0A6Fh,0AA0h-0AEFh,0B20h-0B6Fh,0BA0h-0BEFh,0C20h-0C6Fh,0CA0h-0CEFh,0D20h-0D6Fh,0DA0h-0DEFh,0E20h-0E6Fh,0EA0h-0EEFh,0F20h-0F6Fh,0FA0h-0FEFh,01020h-0106Fh,010A0h-010EFh,01120h-0116Fh,011A0h-011EFh,01220h-0126Fh,012A0h-012EFh,01320h-0136Fh,013A0h-013EFh,01420h-0146Fh,014A0h-014EFh,01520h-0156Fh,015A0h-015EFh,01620h-0166Fh,016A0h-016EFh,01720h-0176Fh,017A0h-017EFh,01820h-0186Fh,018A0h-018EFh,01920h-0196Fh \
  -ASFR0=00h-01Fh -ASFR1=080h-09Fh -ASFR2=0100h-011Fh -ASFR3=0180h-019Fh \
  -ASFR4=0200h-021Fh -ASFR5=0280h-029Fh -ASFR6=0300h-031Fh \
  -ASFR7=0380h-039Fh -ASFR8=0400h-041Fh -ASFR9=0480h-049Fh \
  -ASFR10=0500h-051Fh -ASFR11=0580h-059Fh -ASFR12=0600h-061Fh \
  -ASFR13=0680h-069Fh -ASFR14=0700h-071Fh -ASFR15=0780h-079Fh \
  -ASFR16=0800h-081Fh -ASFR17=0880h-089Fh -ASFR18=0900h-091Fh \
  -ASFR19=0980h-099Fh -ASFR20=0A00h-0A1Fh -ASFR21=0A80h-0A9Fh \
  -ASFR22=0B00h-0B1Fh -ASFR23=0B80h-0B9Fh -ASFR24=0C00h-0C1Fh \
  -ASFR25=0C80h-0C9Fh -ASFR26=0D00h-0D1Fh -ASFR27=0D80h-0D9Fh \
  -ASFR28=0E00h-0E1Fh -ASFR29=0E80h-0E9Fh -ASFR30=0F00h-0F1Fh \
  -ASFR31=0F80h-0F9Fh -ASFR32=01000h-0101Fh -ASFR33=01080h-0109Fh \
  -ASFR34=01100h-0111Fh -ASFR35=01180h-0119Fh -ASFR36=01200h-0121Fh \
  -ASFR37=01280h-0129Fh -ASFR38=01300h-0131Fh -ASFR39=01380h-0139Fh \
  -ASFR40=01400h-0141Fh -ASFR41=01480h-0149Fh -ASFR42=01500h-0151Fh \
  -ASFR43=01580h-0159Fh -ASFR44=01600h-0161Fh -ASFR45=01680h-0169Fh \
  -ASFR46=01700h-0171Fh -ASFR47=01780h-0179Fh -ASFR48=01800h-0181Fh \
  -ASFR49=01880h-0189Fh -ASFR50=01900h-0191Fh -ASFR51=01980h-019EFh \
  -ASFR52=01A00h-01A6Fh -ASFR53=01A80h-01AEFh -ASFR54=01B00h-01B6Fh \
  -ASFR55=01B80h-01BEFh -ASFR56=01C00h-01C6Fh -ASFR57=01C80h-01CEFh \
  -ASFR58=01D00h-01D6Fh -ASFR59=01D80h-01DEFh -ASFR60=01E00h-01E6Fh \
  -ASFR61=01E80h-01EEFh -ASFR62=01F00h-01F6Fh -ASFR63=01F80h-01FEFh \
  -ACONFIG=08007h-0800Bh -DCONFIG=2 -AIDLOC=08000h-08003h -DIDLOC=2 \
  -AEEDATA=00h-0FFh/0F000h -peeprom_data=EEDATA -DEEDATA=2 -DCODE=2 \
  -DSTRCODE=2 -DSTRING=2 -DCONST=2 -DENTRY=2 \
  -preset_vec=00h,intentry=04h,sivt,init,end_init -ppowerup=CODE \
  -pcinit=CODE -pfunctab=ENTRY -k \
  C:\Users\user\AppData\Local\Temp\xcAsm74.\driver_tmp_15.o \
  dist/default/debug\9seg.debug.o 

Object code version is 3.11

Machine type is 16F18857



                Name                               Link     Load   Length Selector   Space Scale
C:\Users\user\AppData\Local\Temp\xcAsm74.\driver_tmp_15.o
                end_init                             25       25        2        8       0
                reset_vec                             0        0        3        0       0
                config                             8007     8007        5        0       4
dist/default/debug\9seg.debug.o
                cinit                                27       27       1D        8       0
                intentry                              4        4       21        8       0
                config                             8007     8007        5        0       4
                text31                              674      674        6        8       0
                text30                              688      688        1        8       0
                text29                              606      606       10        8       0
                text28                              616      616        F        8       0
                text27                              645      645        9        8       0
                text26                              5A3      5A3       29        8       0
                text25                              687      687        1        8       0
                text24                              625      625        D        8       0
                text23                              66E      66E        6        8       0
                text21                              4A4      4A4       3C        8       0
                text20                              4E0      4E0       34        8       0
                text19                              459      459       4B        8       0
                text18                              546      546       32        8       0
                text17                               44       44      1AA        8       0
                text16                              36E      36E       8B        8       0
                text15                              2C3      2C3       AB        8       0
                text14                              3F9      3F9       60        8       0
                text13                              578      578       2B        8       0
                text12                              67E      67E        4        8       0
                text11                              5E2      5E2       14        8       0
                text10                              686      686        1        8       0
                text9                               63C      63C        9        8       0
                text8                               668      668        6        8       0
                text7                               514      514       32        8       0
                text6                               64E      64E        8        8       0
                text5                               662      662        6        8       0
                text4                               5CC      5CC       16        8       0
                text3                               5F6      5F6       10        8       0
                text2                               682      682        3        8       0
                text1                               67A      67A        4        8       0
                maintext                            1EE      1EE       D5        8       0
                cstackBANK0                          20       20       35       20       1
                cstackCOMMON                         70       70        A       70       1
                clrtext                             65C      65C        6        8       0
                inittext                            656      656        6        8       0
                dataBANK1                            A0       A0        A       A0       1
                bssBANK0                             55       55       10       20       1
                dataCOMMON                           7B       7B        1       70       1
                bssCOMMON                            7A       7A        1       70       1
                nvBANK0                              65       65        4       20       1
                idataBANK1                          632      632        A        8       0
                idataCOMMON                         685      685        1        8       0

TOTAL           Name                               Link     Load   Length     Space
        CLASS   CODE           
                end_init                             25       25        2         0
                cinit                                27       27       1D         0
                intentry                              4        4       21         0
                reset_vec                             0        0        3         0
                text31                              674      674        6         0
                text30                              688      688        1         0
                text29                              606      606       10         0
                text28                              616      616        F         0
                text27                              645      645        9         0
                text26                              5A3      5A3       29         0
                text25                              687      687        1         0
                text24                              625      625        D         0
                text23                              66E      66E        6         0
                text21                              4A4      4A4       3C         0
                text20                              4E0      4E0       34         0
                text19                              459      459       4B         0
                text18                              546      546       32         0
                text17                               44       44      1AA         0
                text16                              36E      36E       8B         0
                text15                              2C3      2C3       AB         0
                text14                              3F9      3F9       60         0
                text13                              578      578       2B         0
                text12                              67E      67E        4         0
                text11                              5E2      5E2       14         0
                text10                              686      686        1         0
                text9                               63C      63C        9         0
                text8                               668      668        6         0
                text7                               514      514       32         0
                text6                               64E      64E        8         0
                text5                               662      662        6         0
                text4                               5CC      5CC       16         0
                text3                               5F6      5F6       10         0
                text2                               682      682        3         0
                text1                               67A      67A        4         0
                maintext                            1EE      1EE       D5         0
                clrtext                             65C      65C        6         0
                inittext                            656      656        6         0
                idataBANK1                          632      632        A         0
                idataCOMMON                         685      685        1         0

        CLASS   STRCODE        

        CLASS   STRING         

        CLASS   CONST          

        CLASS   ENTRY          

        CLASS   COMMON         
                cstackCOMMON                         70       70        A         1
                dataCOMMON                           7B       7B        1         1
                bssCOMMON                            7A       7A        1         1

        CLASS   BANK0          
                cstackBANK0                          20       20       35         1
                bssBANK0                             55       55       10         1
                nvBANK0                              65       65        4         1

        CLASS   BANK1          
                dataBANK1                            A0       A0        A         1

        CLASS   BANK2          

        CLASS   BANK3          

        CLASS   BANK4          

        CLASS   BANK5          

        CLASS   BANK6          

        CLASS   BANK7          

        CLASS   BANK8          

        CLASS   BANK9          

        CLASS   BANK10         

        CLASS   BANK11         

        CLASS   BANK12         

        CLASS   BANK13         

        CLASS   BANK14         

        CLASS   BANK15         

        CLASS   BANK16         

        CLASS   BANK17         

        CLASS   BANK18         

        CLASS   BANK19         

        CLASS   BANK20         

        CLASS   BANK21         

        CLASS   BANK22         

        CLASS   BANK23         

        CLASS   BANK24         

        CLASS   BANK25         

        CLASS   BANK26         

        CLASS   BANK27         

        CLASS   BANK28         

        CLASS   BANK29         

        CLASS   BANK30         

        CLASS   BANK31         

        CLASS   BANK32         

        CLASS   BANK33         

        CLASS   BANK34         

        CLASS   BANK35         

        CLASS   BANK36         

        CLASS   BANK37         

        CLASS   BANK38         

        CLASS   BANK39         

        CLASS   BANK40         

        CLASS   BANK41         

        CLASS   BANK42         

        CLASS   BANK43         

        CLASS   BANK44         

        CLASS   BANK45         

        CLASS   BANK46         

        CLASS   BANK47         

        CLASS   BANK48         

        CLASS   BANK49         

        CLASS   BANK50         

        CLASS   BIGRAM         

        CLASS   RAM            

        CLASS   ABS1           
                abs_s1                               7E       7E        2         1

        CLASS   SFR0           

        CLASS   SFR1           

        CLASS   SFR2           

        CLASS   SFR3           

        CLASS   SFR4           

        CLASS   SFR5           

        CLASS   SFR6           

        CLASS   SFR7           

        CLASS   SFR8           

        CLASS   SFR9           

        CLASS   SFR10          

        CLASS   SFR11          

        CLASS   SFR12          

        CLASS   SFR13          

        CLASS   SFR14          

        CLASS   SFR15          

        CLASS   SFR16          

        CLASS   SFR17          

        CLASS   SFR18          

        CLASS   SFR19          

        CLASS   SFR20          

        CLASS   SFR21          

        CLASS   SFR22          

        CLASS   SFR23          

        CLASS   SFR24          

        CLASS   SFR25          

        CLASS   SFR26          

        CLASS   SFR27          

        CLASS   SFR28          

        CLASS   SFR29          

        CLASS   SFR30          

        CLASS   SFR31          

        CLASS   SFR32          

        CLASS   SFR33          

        CLASS   SFR34          

        CLASS   SFR35          

        CLASS   SFR36          

        CLASS   SFR37          

        CLASS   SFR38          

        CLASS   SFR39          

        CLASS   SFR40          

        CLASS   SFR41          

        CLASS   SFR42          

        CLASS   SFR43          

        CLASS   SFR44          

        CLASS   SFR45          

        CLASS   SFR46          

        CLASS   SFR47          

        CLASS   SFR48          

        CLASS   SFR49          

        CLASS   SFR50          

        CLASS   SFR51          

        CLASS   SFR52          

        CLASS   SFR53          

        CLASS   SFR54          

        CLASS   SFR55          

        CLASS   SFR56          

        CLASS   SFR57          

        CLASS   SFR58          

        CLASS   SFR59          

        CLASS   SFR60          

        CLASS   SFR61          

        CLASS   SFR62          

        CLASS   SFR63          

        CLASS   CONFIG         
                config                             8007     8007        5         4

        CLASS   IDLOC          

        CLASS   EEDATA         

        CLASS   BANK63         

        CLASS   BANK62         

        CLASS   BANK61         

        CLASS   BANK60         

        CLASS   BANK59         

        CLASS   BANK58         

        CLASS   BANK57         

        CLASS   BANK56         

        CLASS   BANK55         

        CLASS   BANK54         

        CLASS   BANK53         

        CLASS   BANK52         

        CLASS   BANK51         

        CLASS   HEAP           

        CLASS   STACK          



SEGMENTS        Name                           Load    Length   Top    Selector   Space  Class     Delta

                reset_vec                      000000  000003  000003         0       0  CODE        2
                intentry                       000004  000685  000689         8       0  CODE        2
                cstackBANK0                    000020  000049  000069        20       1  BANK0       1
                cstackCOMMON                   000070  00000C  00007C        70       1  COMMON      1
                dataBANK1                      0000A0  00000A  0000AA        A0       1  BANK1       1


UNUSED ADDRESS RANGES

        Name                Unused          Largest block    Delta
        BANK0            00069-0006F               7           1
        BANK1            000AA-000EF              46           1
        BANK10           00520-0056F              50           1
        BANK11           005A0-005EF              50           1
        BANK12           00620-0066F              50           1
        BANK13           006A0-006EF              50           1
        BANK14           00720-0076F              50           1
        BANK15           007A0-007EF              50           1
        BANK16           00820-0086F              50           1
        BANK17           008A0-008EF              50           1
        BANK18           00920-0096F              50           1
        BANK19           009A0-009EF              50           1
        BANK2            00120-0016F              50           1
        BANK20           00A20-00A6F              50           1
        BANK21           00AA0-00AEF              50           1
        BANK22           00B20-00B6F              50           1
        BANK23           00BA0-00BEF              50           1
        BANK24           00C20-00C6F              50           1
        BANK25           00CA0-00CEF              50           1
        BANK26           00D20-00D6F              50           1
        BANK27           00DA0-00DEF              50           1
        BANK28           00E20-00E6F              50           1
        BANK29           00EA0-00EEF              50           1
        BANK3            001A0-001EF              50           1
        BANK30           00F20-00F6F              50           1
        BANK31           00FA0-00FEF              50           1
        BANK32           01020-0106F              50           1
        BANK33           010A0-010EF              50           1
        BANK34           01120-0116F              50           1
        BANK35           011A0-011EF              50           1
        BANK36           01220-0126F              50           1
        BANK37           012A0-012EF              50           1
        BANK38           01320-0136F              50           1
        BANK39           013A0-013EF              50           1
        BANK4            00220-0026F              50           1
        BANK40           01420-0146F              50           1
        BANK41           014A0-014EF              50           1
        BANK42           01520-0156F              50           1
        BANK43           015A0-015EF              50           1
        BANK44           01620-0166F              50           1
        BANK45           016A0-016EF              50           1
        BANK46           01720-0176F              50           1
        BANK47           017A0-017EF              50           1
        BANK48           01820-0186F              50           1
        BANK49           018A0-018EF              50           1
        BANK5            002A0-002EF              50           1
        BANK50           01920-0196F              50           1
        BANK6            00320-0036F              50           1
        BANK7            003A0-003EF              50           1
        BANK8            00420-0046F              50           1
        BANK9            004A0-004EF              50           1
        BIGRAM           02000-02FEF             FF0           1
        CODE             00003-00003               1           2
                         00689-07FFF             800
        COMMON           0007C-0007D               2           1
        CONST            00003-00003               1           2
                         00689-07FFF             100
        EEDATA           0F000-0F0FF             100           2
        ENTRY            00003-00003               1           2
                         00689-07FFF             100
        IDLOC            08000-08003               4           2
        RAM              00069-0006F               7           1
                         000AA-000EF              46
                         00120-0016F              50
                         001A0-001EF              50
                         00220-0026F              50
                         002A0-002EF              50
                         00320-0036F              50
                         003A0-003EF              50
                         00420-0046F              50
                         004A0-004EF              50
                         00520-0056F              50
                         005A0-005EF              50
                         00620-0066F              50
                         006A0-006EF              50
                         00720-0076F              50
                         007A0-007EF              50
                         00820-0086F              50
                         008A0-008EF              50
                         00920-0096F              50
                         009A0-009EF              50
                         00A20-00A6F              50
                         00AA0-00AEF              50
                         00B20-00B6F              50
                         00BA0-00BEF              50
                         00C20-00C6F              50
                         00CA0-00CEF              50
                         00D20-00D6F              50
                         00DA0-00DEF              50
                         00E20-00E6F              50
                         00EA0-00EEF              50
                         00F20-00F6F              50
                         00FA0-00FEF              50
                         01020-0106F              50
                         010A0-010EF              50
                         01120-0116F              50
                         011A0-011EF              50
                         01220-0126F              50
                         012A0-012EF              50
                         01320-0136F              50
                         013A0-013EF              50
                         01420-0146F              50
                         014A0-014EF              50
                         01520-0156F              50
                         015A0-015EF              50
                         01620-0166F              50
                         016A0-016EF              50
                         01720-0176F              50
                         017A0-017EF              50
                         01820-0186F              50
                         018A0-018EF              50
                         01920-0196F              50
        SFR0             00000-0001F              20           1
        SFR1             00080-0009F              20           1
        SFR10            00500-0051F              20           1
        SFR11            00580-0059F              20           1
        SFR12            00600-0061F              20           1
        SFR13            00680-0069F              20           1
        SFR14            00700-0071F              20           1
        SFR15            00780-0079F              20           1
        SFR16            00800-0081F              20           1
        SFR17            00880-0089F              20           1
        SFR18            00900-0091F              20           1
        SFR19            00980-0099F              20           1
        SFR2             00100-0011F              20           1
        SFR20            00A00-00A1F              20           1
        SFR21            00A80-00A9F              20           1
        SFR22            00B00-00B1F              20           1
        SFR23            00B80-00B9F              20           1
        SFR24            00C00-00C1F              20           1
        SFR25            00C80-00C9F              20           1
        SFR26            00D00-00D1F              20           1
        SFR27            00D80-00D9F              20           1
        SFR28            00E00-00E1F              20           1
        SFR29            00E80-00E9F              20           1
        SFR3             00180-0019F              20           1
        SFR30            00F00-00F1F              20           1
        SFR31            00F80-00F9F              20           1
        SFR32            01000-0101F              20           1
        SFR33            01080-0109F              20           1
        SFR34            01100-0111F              20           1
        SFR35            01180-0119F              20           1
        SFR36            01200-0121F              20           1
        SFR37            01280-0129F              20           1
        SFR38            01300-0131F              20           1
        SFR39            01380-0139F              20           1
        SFR4             00200-0021F              20           1
        SFR40            01400-0141F              20           1
        SFR41            01480-0149F              20           1
        SFR42            01500-0151F              20           1
        SFR43            01580-0159F              20           1
        SFR44            01600-0161F              20           1
        SFR45            01680-0169F              20           1
        SFR46            01700-0171F              20           1
        SFR47            01780-0179F              20           1
        SFR48            01800-0181F              20           1
        SFR49            01880-0189F              20           1
        SFR5             00280-0029F              20           1
        SFR50            01900-0191F              20           1
        SFR51            01980-019EF              70           1
        SFR52            01A00-01A6F              70           1
        SFR53            01A80-01AEF              70           1
        SFR54            01B00-01B6F              70           1
        SFR55            01B80-01BEF              70           1
        SFR56            01C00-01C6F              70           1
        SFR57            01C80-01CEF              70           1
        SFR58            01D00-01D6F              70           1
        SFR59            01D80-01DEF              70           1
        SFR6             00300-0031F              20           1
        SFR60            01E00-01E6F              70           1
        SFR61            01E80-01EEF              70           1
        SFR62            01F00-01F6F              70           1
        SFR63            01F80-01FEF              70           1
        SFR7             00380-0039F              20           1
        SFR8             00400-0041F              20           1
        SFR9             00480-0049F              20           1
        STRCODE          00003-00003               1           2
                         00689-07FFF            7977
        STRING           00003-00003               1           2
                         00689-07FFF             100

                                  Symbol Table

?___fldiv                                     cstackBANK0  00026
?___lwdiv                                     cstackCOMMON 00072
?___lwmod                                     cstackCOMMON 00072
?___xxtofl                                    cstackCOMMON 00072
AverageHumanSensor@buf                        bssBANK0     00055
AverageHumanSensor@i                          cstackBANK0  0004E
AverageHumanSensor@sum                        cstackBANK0  0004D
Blink7Seg@i                                   cstackBANK0  0002E
Blink7Seg@value                               cstackBANK0  0002A
CheckHumanSensor@lastTimer_s                  bssBANK0     0005A
Draw7Seg@dp                                   cstackBANK0  00022
Draw7Seg@value                                cstackBANK0  00020
Draw7Seg@zero                                 cstackBANK0  00023
IOCAF2_SetInterruptHandler@InterruptHandler   cstackCOMMON 00072
TMR2_Refresh7Seg@mask                         dataCOMMON   0007B
TMR2_Refresh7Seg@pos                          bssBANK0     00062
TMR2_SetInterruptHandler@InterruptHandler     cstackCOMMON 00072
_ANSELA                                       (abs)        01F38
_ANSELB                                       (abs)        01F43
_ANSELC                                       (abs)        01F4E
_AverageHumanSensor                           text14       003F9
_Blink7Seg                                    text18       00546
_CheckHumanSensor                             text13       00578
_Clear7Seg                                    text12       0067E
_DeadmanTimer_s                               bssBANK0     00060
_Draw7Seg                                     text19       00459
_Draw7Seg$683                                 cstackBANK0  00026
_Draw7Seg$684                                 cstackBANK0  00028
_EXT_INT_Initialize                           text10       00686
_HandleSSR                                    text11       005E2
_HandleSSR$693                                cstackCOMMON 00072
_HumanSensorStatus                            bssCOMMON    0007A
_INLVLA                                       (abs)        01F3C
_INLVLB                                       (abs)        01F47
_INLVLC                                       (abs)        01F52
_INLVLE                                       (abs)        01F68
_INTCONbits                                   (abs)        0000B
_INTERRUPT_InterruptManager                   intentry     00004
_INT_PushSW                                   text29       00606
_IOCAF2                                       (abs)        0F9FA
_IOCAF2_DefaultInterruptHandler               text30       00688
_IOCAF2_ISR                                   text28       00616
_IOCAF2_InterruptHandler                      nvBANK0      00067
_IOCAF2_SetInterruptHandler                   text8        00668
_IOCAFbits                                    (abs)        01F3F
_IOCANbits                                    (abs)        01F3E
_IOCAPbits                                    (abs)        01F3D
_LATA                                         (abs)        00016
_LATAbits                                     (abs)        00016
_LATB                                         (abs)        00017
_LATC                                         (abs)        00018
_ODCONA                                       (abs)        01F3A
_ODCONB                                       (abs)        01F45
_ODCONC                                       (abs)        01F50
_OSCCON1                                      (abs)        0088D
_OSCCON3                                      (abs)        0088F
_OSCEN                                        (abs)        00891
_OSCFRQ                                       (abs)        00893
_OSCILLATOR_Initialize                        text9        0063C
_OSCTUNE                                      (abs)        00892
_PIE0bits                                     (abs)        00716
_PIE4bits                                     (abs)        0071A
_PIN_MANAGER_IOC                              text27       00645
_PIN_MANAGER_Initialize                       text7        00514
_PIR0bits                                     (abs)        0070C
_PIR4bits                                     (abs)        00710
_PMD0                                         (abs)        00796
_PMD1                                         (abs)        00797
_PMD2                                         (abs)        00798
_PMD3                                         (abs)        00799
_PMD4                                         (abs)        0079A
_PMD5                                         (abs)        0079B
_PMD_Initialize                               text6        0064E
_PORTAbits                                    (abs)        0000C
_PR2                                          (abs)        0028D
_SLRCONA                                      (abs)        01F3B
_SLRCONB                                      (abs)        01F46
_SLRCONC                                      (abs)        01F51
_SSROutputStatus                              bssBANK0     00064
_SYSTEM_Initialize                            text3        005F6
_SegBuffer                                    bssBANK0     0005C
_SegPattern                                   dataBANK1    000A0
_SystemMode                                   bssBANK0     00063
_T2CLKCON                                     (abs)        00290
_T2CON                                        (abs)        0028E
_T2CONbits                                    (abs)        0028E
_T2HLT                                        (abs)        0028F
_T2HLTbits                                    (abs)        0028F
_T2PR                                         (abs)        0028D
_T2RST                                        (abs)        00291
_T2RSTbits                                    (abs)        00291
_T2TMR                                        (abs)        0028C
_TMR2                                         (abs)        0028C
_TMR2_CallBack                                text24       00625
_TMR2_DefaultInterruptHandler                 text25       00687
_TMR2_ISR                                     text23       0066E
_TMR2_Initialize                              text4        005CC
_TMR2_InterruptHandler                        nvBANK0      00065
_TMR2_Refresh7Seg                             text26       005A3
_TMR2_SetInterruptHandler                     text5        00662
_TRISA                                        (abs)        00011
_TRISB                                        (abs)        00012
_TRISC                                        (abs)        00013
_TurnOffSSR                                   text2        00682
_TurnOnSSR                                    text1        0067A
_WPUA                                         (abs)        01F39
_WPUB                                         (abs)        01F44
_WPUC                                         (abs)        01F4F
_WPUE                                         (abs)        01F65
__H__absolute__                               __absolute__ 00000
__Habs1                                       abs1         00000
__Hbank0                                      bank0        00000
__Hbank1                                      bank1        00000
__Hbank10                                     bank10       00000
__Hbank11                                     bank11       00000
__Hbank12                                     bank12       00000
__Hbank13                                     bank13       00000
__Hbank14                                     bank14       00000
__Hbank15                                     bank15       00000
__Hbank16                                     bank16       00000
__Hbank17                                     bank17       00000
__Hbank18                                     bank18       00000
__Hbank19                                     bank19       00000
__Hbank2                                      bank2        00000
__Hbank20                                     bank20       00000
__Hbank21                                     bank21       00000
__Hbank22                                     bank22       00000
__Hbank23                                     bank23       00000
__Hbank24                                     bank24       00000
__Hbank25                                     bank25       00000
__Hbank26                                     bank26       00000
__Hbank27                                     bank27       00000
__Hbank28                                     bank28       00000
__Hbank29                                     bank29       00000
__Hbank3                                      bank3        00000
__Hbank30                                     bank30       00000
__Hbank31                                     bank31       00000
__Hbank32                                     bank32       00000
__Hbank33                                     bank33       00000
__Hbank34                                     bank34       00000
__Hbank35                                     bank35       00000
__Hbank36                                     bank36       00000
__Hbank37                                     bank37       00000
__Hbank38                                     bank38       00000
__Hbank39                                     bank39       00000
__Hbank4                                      bank4        00000
__Hbank40                                     bank40       00000
__Hbank41                                     bank41       00000
__Hbank42                                     bank42       00000
__Hbank43                                     bank43       00000
__Hbank44                                     bank44       00000
__Hbank45                                     bank45       00000
__Hbank46                                     bank46       00000
__Hbank47                                     bank47       00000
__Hbank48                                     bank48       00000
__Hbank49                                     bank49       00000
__Hbank5                                      bank5        00000
__Hbank50                                     bank50       00000
__Hbank51                                     bank51       00000
__Hbank52                                     bank52       00000
__Hbank53                                     bank53       00000
__Hbank54                                     bank54       00000
__Hbank55                                     bank55       00000
__Hbank56                                     bank56       00000
__Hbank57                                     bank57       00000
__Hbank58                                     bank58       00000
__Hbank59                                     bank59       00000
__Hbank6                                      bank6        00000
__Hbank60                                     bank60       00000
__Hbank61                                     bank61       00000
__Hbank62                                     bank62       00000
__Hbank63                                     bank63       00000
__Hbank7                                      bank7        00000
__Hbank8                                      bank8        00000
__Hbank9                                      bank9        00000
__Hbigram                                     bigram       00000
__HbssBANK0                                   bssBANK0     00000
__HbssCOMMON                                  bssCOMMON    00000
__Hcinit                                      cinit        00044
__Hclrtext                                    clrtext      00000
__Hcode                                       code         00000
__Hcommon                                     common       00000
__Hconfig                                     config       0800C
__HcstackBANK0                                cstackBANK0  00000
__HcstackCOMMON                               cstackCOMMON 00000
__HdataBANK1                                  dataBANK1    00000
__HdataCOMMON                                 dataCOMMON   00000
__Heeprom_data                                eeprom_data  00000
__Hend_init                                   end_init     00027
__Hfunctab                                    functab      00000
__Hheap                                       heap         00000
__HidataBANK1                                 idataBANK1   00000
__HidataCOMMON                                idataCOMMON  00000
__Hinit                                       init         00025
__Hinittext                                   inittext     00000
__Hintentry                                   intentry     00025
__Hmaintext                                   maintext     00000
__HnvBANK0                                    nvBANK0      00000
__Hpowerup                                    powerup      00000
__Hram                                        ram          00000
__Hreset_vec                                  reset_vec    00003
__Hsfr0                                       sfr0         00000
__Hsfr1                                       sfr1         00000
__Hsfr10                                      sfr10        00000
__Hsfr11                                      sfr11        00000
__Hsfr12                                      sfr12        00000
__Hsfr13                                      sfr13        00000
__Hsfr14                                      sfr14        00000
__Hsfr15                                      sfr15        00000
__Hsfr16                                      sfr16        00000
__Hsfr17                                      sfr17        00000
__Hsfr18                                      sfr18        00000
__Hsfr19                                      sfr19        00000
__Hsfr2                                       sfr2         00000
__Hsfr20                                      sfr20        00000
__Hsfr21                                      sfr21        00000
__Hsfr22                                      sfr22        00000
__Hsfr23                                      sfr23        00000
__Hsfr24                                      sfr24        00000
__Hsfr25                                      sfr25        00000
__Hsfr26                                      sfr26        00000
__Hsfr27                                      sfr27        00000
__Hsfr28                                      sfr28        00000
__Hsfr29                                      sfr29        00000
__Hsfr3                                       sfr3         00000
__Hsfr30                                      sfr30        00000
__Hsfr31                                      sfr31        00000
__Hsfr32                                      sfr32        00000
__Hsfr33                                      sfr33        00000
__Hsfr34                                      sfr34        00000
__Hsfr35                                      sfr35        00000
__Hsfr36                                      sfr36        00000
__Hsfr37                                      sfr37        00000
__Hsfr38                                      sfr38        00000
__Hsfr39                                      sfr39        00000
__Hsfr4                                       sfr4         00000
__Hsfr40                                      sfr40        00000
__Hsfr41                                      sfr41        00000
__Hsfr42                                      sfr42        00000
__Hsfr43                                      sfr43        00000
__Hsfr44                                      sfr44        00000
__Hsfr45                                      sfr45        00000
__Hsfr46                                      sfr46        00000
__Hsfr47                                      sfr47        00000
__Hsfr48                                      sfr48        00000
__Hsfr49                                      sfr49        00000
__Hsfr5                                       sfr5         00000
__Hsfr50                                      sfr50        00000
__Hsfr51                                      sfr51        00000
__Hsfr52                                      sfr52        00000
__Hsfr53                                      sfr53        00000
__Hsfr54                                      sfr54        00000
__Hsfr55                                      sfr55        00000
__Hsfr56                                      sfr56        00000
__Hsfr57                                      sfr57        00000
__Hsfr58                                      sfr58        00000
__Hsfr59                                      sfr59        00000
__Hsfr6                                       sfr6         00000
__Hsfr60                                      sfr60        00000
__Hsfr61                                      sfr61        00000
__Hsfr62                                      sfr62        00000
__Hsfr63                                      sfr63        00000
__Hsfr7                                       sfr7         00000
__Hsfr8                                       sfr8         00000
__Hsfr9                                       sfr9         00000
__Hsivt                                       sivt         00025
__Hspace_0                                    (abs)        00689
__Hspace_1                                    (abs)        000AA
__Hspace_2                                    (abs)        00000
__Hspace_3                                    (abs)        00000
__Hspace_4                                    (abs)        10013
__Hstack                                      stack        00000
__Hstrings                                    strings      00000
__Htext                                       text         00000
__L__absolute__                               __absolute__ 00000
__Labs1                                       abs1         00000
__Lbank0                                      bank0        00000
__Lbank1                                      bank1        00000
__Lbank10                                     bank10       00000
__Lbank11                                     bank11       00000
__Lbank12                                     bank12       00000
__Lbank13                                     bank13       00000
__Lbank14                                     bank14       00000
__Lbank15                                     bank15       00000
__Lbank16                                     bank16       00000
__Lbank17                                     bank17       00000
__Lbank18                                     bank18       00000
__Lbank19                                     bank19       00000
__Lbank2                                      bank2        00000
__Lbank20                                     bank20       00000
__Lbank21                                     bank21       00000
__Lbank22                                     bank22       00000
__Lbank23                                     bank23       00000
__Lbank24                                     bank24       00000
__Lbank25                                     bank25       00000
__Lbank26                                     bank26       00000
__Lbank27                                     bank27       00000
__Lbank28                                     bank28       00000
__Lbank29                                     bank29       00000
__Lbank3                                      bank3        00000
__Lbank30                                     bank30       00000
__Lbank31                                     bank31       00000
__Lbank32                                     bank32       00000
__Lbank33                                     bank33       00000
__Lbank34                                     bank34       00000
__Lbank35                                     bank35       00000
__Lbank36                                     bank36       00000
__Lbank37                                     bank37       00000
__Lbank38                                     bank38       00000
__Lbank39                                     bank39       00000
__Lbank4                                      bank4        00000
__Lbank40                                     bank40       00000
__Lbank41                                     bank41       00000
__Lbank42                                     bank42       00000
__Lbank43                                     bank43       00000
__Lbank44                                     bank44       00000
__Lbank45                                     bank45       00000
__Lbank46                                     bank46       00000
__Lbank47                                     bank47       00000
__Lbank48                                     bank48       00000
__Lbank49                                     bank49       00000
__Lbank5                                      bank5        00000
__Lbank50                                     bank50       00000
__Lbank51                                     bank51       00000
__Lbank52                                     bank52       00000
__Lbank53                                     bank53       00000
__Lbank54                                     bank54       00000
__Lbank55                                     bank55       00000
__Lbank56                                     bank56       00000
__Lbank57                                     bank57       00000
__Lbank58                                     bank58       00000
__Lbank59                                     bank59       00000
__Lbank6                                      bank6        00000
__Lbank60                                     bank60       00000
__Lbank61                                     bank61       00000
__Lbank62                                     bank62       00000
__Lbank63                                     bank63       00000
__Lbank7                                      bank7        00000
__Lbank8                                      bank8        00000
__Lbank9                                      bank9        00000
__Lbigram                                     bigram       00000
__LbssBANK0                                   bssBANK0     00000
__LbssCOMMON                                  bssCOMMON    00000
__Lcinit                                      cinit        00027
__Lclrtext                                    clrtext      00000
__Lcode                                       code         00000
__Lcommon                                     common       00000
__Lconfig                                     config       00000
__LcstackBANK0                                cstackBANK0  00000
__LcstackCOMMON                               cstackCOMMON 00000
__LdataBANK1                                  dataBANK1    00000
__LdataCOMMON                                 dataCOMMON   00000
__Leeprom_data                                eeprom_data  00000
__Lend_init                                   end_init     00025
__Lfunctab                                    functab      00000
__Lheap                                       heap         00000
__LidataBANK1                                 idataBANK1   00000
__LidataCOMMON                                idataCOMMON  00000
__Linit                                       init         00025
__Linittext                                   inittext     00000
__Lintentry                                   intentry     00004
__Lmaintext                                   maintext     00000
__LnvBANK0                                    nvBANK0      00000
__Lpowerup                                    powerup      00000
__Lram                                        ram          00000
__Lreset_vec                                  reset_vec    00000
__Lsfr0                                       sfr0         00000
__Lsfr1                                       sfr1         00000
__Lsfr10                                      sfr10        00000
__Lsfr11                                      sfr11        00000
__Lsfr12                                      sfr12        00000
__Lsfr13                                      sfr13        00000
__Lsfr14                                      sfr14        00000
__Lsfr15                                      sfr15        00000
__Lsfr16                                      sfr16        00000
__Lsfr17                                      sfr17        00000
__Lsfr18                                      sfr18        00000
__Lsfr19                                      sfr19        00000
__Lsfr2                                       sfr2         00000
__Lsfr20                                      sfr20        00000
__Lsfr21                                      sfr21        00000
__Lsfr22                                      sfr22        00000
__Lsfr23                                      sfr23        00000
__Lsfr24                                      sfr24        00000
__Lsfr25                                      sfr25        00000
__Lsfr26                                      sfr26        00000
__Lsfr27                                      sfr27        00000
__Lsfr28                                      sfr28        00000
__Lsfr29                                      sfr29        00000
__Lsfr3                                       sfr3         00000
__Lsfr30                                      sfr30        00000
__Lsfr31                                      sfr31        00000
__Lsfr32                                      sfr32        00000
__Lsfr33                                      sfr33        00000
__Lsfr34                                      sfr34        00000
__Lsfr35                                      sfr35        00000
__Lsfr36                                      sfr36        00000
__Lsfr37                                      sfr37        00000
__Lsfr38                                      sfr38        00000
__Lsfr39                                      sfr39        00000
__Lsfr4                                       sfr4         00000
__Lsfr40                                      sfr40        00000
__Lsfr41                                      sfr41        00000
__Lsfr42                                      sfr42        00000
__Lsfr43                                      sfr43        00000
__Lsfr44                                      sfr44        00000
__Lsfr45                                      sfr45        00000
__Lsfr46                                      sfr46        00000
__Lsfr47                                      sfr47        00000
__Lsfr48                                      sfr48        00000
__Lsfr49                                      sfr49        00000
__Lsfr5                                       sfr5         00000
__Lsfr50                                      sfr50        00000
__Lsfr51                                      sfr51        00000
__Lsfr52                                      sfr52        00000
__Lsfr53                                      sfr53        00000
__Lsfr54                                      sfr54        00000
__Lsfr55                                      sfr55        00000
__Lsfr56                                      sfr56        00000
__Lsfr57                                      sfr57        00000
__Lsfr58                                      sfr58        00000
__Lsfr59                                      sfr59        00000
__Lsfr6                                       sfr6         00000
__Lsfr60                                      sfr60        00000
__Lsfr61                                      sfr61        00000
__Lsfr62                                      sfr62        00000
__Lsfr63                                      sfr63        00000
__Lsfr7                                       sfr7         00000
__Lsfr8                                       sfr8         00000
__Lsfr9                                       sfr9         00000
__Lsivt                                       sivt         00025
__Lspace_0                                    (abs)        00000
__Lspace_1                                    (abs)        00000
__Lspace_2                                    (abs)        00000
__Lspace_3                                    (abs)        00000
__Lspace_4                                    (abs)        00000
__Lstack                                      stack        00000
__Lstrings                                    strings      00000
__Ltext                                       text         00000
__S0                                          (abs)        00689
__S1                                          (abs)        000AA
__S3                                          (abs)        00000
___fldiv                                      text17       00044
___fldiv@a                                    cstackBANK0  00026
___fldiv@aexp                                 cstackBANK0  0003F
___fldiv@b                                    cstackBANK0  0002A
___fldiv@bexp                                 cstackBANK0  0003E
___fldiv@grs                                  cstackBANK0  0003A
___fldiv@new_exp                              cstackBANK0  00038
___fldiv@rem                                  cstackBANK0  00033
___fldiv@sign                                 cstackBANK0  00037
___flge                                       text16       0036E
___flge@ff1                                   cstackBANK0  00040
___flge@ff2                                   cstackBANK0  00044
___heap_hi                                    (abs)        00000
___heap_lo                                    (abs)        00000
___int_sp                                     stack        00000
___int_stack_hi                               stack        00000
___int_stack_lo                               stack        00000
___latbits                                    (abs)        00004
___lwdiv                                      text21       004A4
___lwdiv@counter                              cstackCOMMON 00079
___lwdiv@dividend                             cstackCOMMON 00074
___lwdiv@divisor                              cstackCOMMON 00072
___lwdiv@quotient                             cstackCOMMON 00077
___lwmod                                      text20       004E0
___lwmod@counter                              cstackCOMMON 00077
___lwmod@dividend                             cstackCOMMON 00074
___lwmod@divisor                              cstackCOMMON 00072
___sp                                         stack        00000
___stack_hi                                   stack        00000
___stack_lo                                   stack        00000
___stackhi                                    (abs)        00000
___stacklo                                    (abs)        00000
___xxtofl                                     text15       002C3
___xxtofl@arg                                 cstackBANK0  00022
___xxtofl@exp                                 cstackBANK0  00021
___xxtofl@sign                                cstackBANK0  00020
___xxtofl@val                                 cstackCOMMON 00072
__end_of_AverageHumanSensor                   text14       00459
__end_of_Blink7Seg                            text18       00578
__end_of_CheckHumanSensor                     text13       005A3
__end_of_Clear7Seg                            text12       00682
__end_of_Draw7Seg                             text19       004A4
__end_of_EXT_INT_Initialize                   text10       00687
__end_of_HandleSSR                            text11       005F6
__end_of_INTERRUPT_InterruptManager           intentry     00025
__end_of_INT_PushSW                           text29       00616
__end_of_IOCAF2_DefaultInterruptHandler       text30       00689
__end_of_IOCAF2_ISR                           text28       00625
__end_of_IOCAF2_SetInterruptHandler           text8        0066E
__end_of_OSCILLATOR_Initialize                text9        00645
__end_of_PIN_MANAGER_IOC                      text27       0064E
__end_of_PIN_MANAGER_Initialize               text7        00546
__end_of_PMD_Initialize                       text6        00656
__end_of_SYSTEM_Initialize                    text3        00606
__end_of_TMR2_CallBack                        text24       00632
__end_of_TMR2_DefaultInterruptHandler         text25       00688
__end_of_TMR2_ISR                             text23       00674
__end_of_TMR2_Initialize                      text4        005E2
__end_of_TMR2_Refresh7Seg                     text26       005CC
__end_of_TMR2_SetInterruptHandler             text5        00668
__end_of_TurnOffSSR                           text2        00685
__end_of_TurnOnSSR                            text1        0067E
__end_of___fldiv                              text17       001EE
__end_of___flge                               text16       003F9
__end_of___lwdiv                              text21       004E0
__end_of___lwmod                              text20       00514
__end_of___xxtofl                             text15       0036E
__end_of__initialization                      cinit        00040
__end_of_main                                 maintext     002C3
__end_ofi1_IOCAF2_SetInterruptHandler         text31       0067A
__initialization                              cinit        00027
__pbssBANK0                                   bssBANK0     00055
__pbssCOMMON                                  bssCOMMON    0007A
__pcstackBANK0                                cstackBANK0  00020
__pcstackCOMMON                               cstackCOMMON 00070
__pdataBANK1                                  dataBANK1    000A0
__pdataCOMMON                                 dataCOMMON   0007B
__pidataBANK1                                 idataBANK1   00632
__pidataCOMMON                                idataCOMMON  00685
__pintentry                                   intentry     00004
__pmaintext                                   maintext     001EE
__pnvBANK0                                    nvBANK0      00065
__ptext1                                      text1        0067A
__ptext10                                     text10       00686
__ptext11                                     text11       005E2
__ptext12                                     text12       0067E
__ptext13                                     text13       00578
__ptext14                                     text14       003F9
__ptext15                                     text15       002C3
__ptext16                                     text16       0036E
__ptext17                                     text17       00044
__ptext18                                     text18       00546
__ptext19                                     text19       00459
__ptext2                                      text2        00682
__ptext20                                     text20       004E0
__ptext21                                     text21       004A4
__ptext23                                     text23       0066E
__ptext24                                     text24       00625
__ptext25                                     text25       00687
__ptext26                                     text26       005A3
__ptext27                                     text27       00645
__ptext28                                     text28       00616
__ptext29                                     text29       00606
__ptext3                                      text3        005F6
__ptext30                                     text30       00688
__ptext31                                     text31       00674
__ptext4                                      text4        005CC
__ptext5                                      text5        00662
__ptext6                                      text6        0064E
__ptext7                                      text7        00514
__ptext8                                      text8        00668
__ptext9                                      text9        0063C
_main                                         maintext     001EE
_main$1375                                    cstackBANK0  00051
_main$1376                                    cstackBANK0  00053
btemp                                         (abs)        0007E
clear_ram0                                    clrtext      0065C
end_of_initialization                         cinit        00040
i1IOCAF2_SetInterruptHandler@InterruptHandler cstackCOMMON 00070
i1_IOCAF2_SetInterruptHandler                 text31       00674
init_ram                                      inittext     00656
int$flags                                     (abs)        0007E
intlevel0                                     functab      00000
intlevel1                                     functab      00000
intlevel2                                     functab      00000
intlevel3                                     functab      00000
intlevel4                                     functab      00000
intlevel5                                     functab      00000
reset_vec                                     reset_vec    00000
start                                         init         00025
start_initialization                          cinit        00027
wtemp0                                        (abs)        0007E


MODULE INFORMATION

Module		Function		Class		Link	Load	Size
C:\Program Files\Microchip\xc8\v2.46\pic\sources\c99\common\lwdiv.c
		___lwdiv       		CODE           	04A4	0000	60

C:\Program Files\Microchip\xc8\v2.46\pic\sources\c99\common\lwdiv.c estimated size: 60

mcc_generated_files/tmr2.c
		_TMR2_ISR      		CODE           	066E	0000	6
		_TMR2_Initialize		CODE           	05CC	0000	22
		_TMR2_SetInterruptHandler		CODE           	0662	0000	6
		_TMR2_DefaultInterruptHandler		CODE           	0687	0000	1
		_TMR2_CallBack 		CODE           	0625	0000	13

mcc_generated_files/tmr2.c estimated size: 48

mcc_generated_files/interrupt_manager.c
		_INTERRUPT_InterruptManager		CODE           	0004	0000	33

mcc_generated_files/interrupt_manager.c estimated size: 33

C:\Program Files\Microchip\xc8\v2.46\pic\sources\c99\common\xxtofl.c
		___xxtofl      		CODE           	02C3	0000	171

C:\Program Files\Microchip\xc8\v2.46\pic\sources\c99\common\xxtofl.c estimated size: 171

mcc_generated_files/pin_manager.c
		_PIN_MANAGER_Initialize		CODE           	0514	0000	50
		_IOCAF2_DefaultInterruptHandler		CODE           	0688	0000	1
		_IOCAF2_ISR    		CODE           	0616	0000	15
		_PIN_MANAGER_IOC		CODE           	0645	0000	9
		_IOCAF2_SetInterruptHandler		CODE           	0668	0000	6

mcc_generated_files/pin_manager.c estimated size: 81

C:\Program Files\Microchip\xc8\v2.46\pic\sources\c99\common\sprcdiv.c
		___fldiv       		CODE           	0044	0000	426

C:\Program Files\Microchip\xc8\v2.46\pic\sources\c99\common\sprcdiv.c estimated size: 426

mcc_generated_files/ext_int.c
		_EXT_INT_Initialize		CODE           	0686	0000	1

mcc_generated_files/ext_int.c estimated size: 1

shared
		__initialization		CODE           	0027	0000	25
		i1_IOCAF2_SetInterruptHandler		CODE           	0674	0000	6

shared estimated size: 31

mcc_generated_files/mcc.c
		_PMD_Initialize		CODE           	064E	0000	8
		_OSCILLATOR_Initialize		CODE           	063C	0000	9
		_SYSTEM_Initialize		CODE           	05F6	0000	16

mcc_generated_files/mcc.c estimated size: 33

C:\Program Files\Microchip\xc8\v2.46\pic\sources\c99\common\lwmod.c
		___lwmod       		CODE           	04E0	0000	52

C:\Program Files\Microchip\xc8\v2.46\pic\sources\c99\common\lwmod.c estimated size: 52

main.c
		_Draw7Seg      		CODE           	0459	0000	75
		_main          		CODE           	01EE	0000	213
		_TurnOnSSR     		CODE           	067A	0000	4
		_Clear7Seg     		CODE           	067E	0000	4
		_INT_PushSW    		CODE           	0606	0000	16
		_Blink7Seg     		CODE           	0546	0000	50
		_TMR2_Refresh7Seg		CODE           	05A3	0000	41
		_HandleSSR     		CODE           	05E2	0000	20
		_TurnOffSSR    		CODE           	0682	0000	3
		_CheckHumanSensor		CODE           	0578	0000	43
		_AverageHumanSensor		CODE           	03F9	0000	96

main.c estimated size: 565

C:\Program Files\Microchip\xc8\v2.46\pic\sources\c99\common\flge.c
		___flge        		CODE           	036E	0000	139

C:\Program Files\Microchip\xc8\v2.46\pic\sources\c99\common\flge.c estimated size: 139

